templates/template_tracks_aa.tgi
templates/template_component_aa.tgi
templates/template_aspect_aa.tgi
templates/template_stance_aa.tgi
templates/template_ability_effect_aa.tgi
templates/template_abilitydefinition_aa.tgi
templates/template_actorability_aa.tgi
templates/template_ability_special_op_aa.tgi
templates/template_unit_aa.tgi
templates/template_animation_aa.tgi
templates/template_building_aa.tgi
templates/template_building_nation_aa.tgi
templates/template_buildingvillage_aa.tgi
templates/template_doodad_aa.tgi
templates/template_organization_aa.tgi
templates/template_organization_layout_aa.tgi
templates/template_audio_aa.tgi
templates/template_aspect_animation_set_aa.tgi
templates/template_charactercomponent_aa.tgi
templates/template_sai_aa_research.tgi
templates/template_sai_aa_TKRE.tgi
templates/template_sai_aa.tgi
templates/template_sai_aa_campaign.tgi
templates/template_sai_aa_balanced.tgi
templates/template_sai_aa_infantry.tgi
templates/template_sai_aa_infantry_planes.tgi
templates/template_sai_aa_armor.tgi
templates/template_sai_aa_artillery.tgi
templates/template_sai_aa_planes.tgi
templates/template_sai_aa_mechanized.tgi
templates/template_sai_aa_TK.tgi
templates/template_sai_aa_TKGBR.tgi
templates/template_waterinfo_aa.tgi
templates/template_rmc_aa.tgi
templates/template_rmc_mg_aa.tgi
templates/template_rmc_arctic_aa.tgi
templates/template_rmc_boreal_aa.tgi
templates/template_rmc_chaparral_aa.tgi
templates/template_rmc_desert_aa.tgi
templates/template_rmc_savannah_aa.tgi
templates/template_rmc_temperate_aa.tgi
templates/template_rmc_tropical_aa.tgi
templates/template_rmc_ocean_aa.tgi
templates/template_banner_aa.tgi
templates/template_fx_aa.tgi
templates/template_vfx_aa.tgi
templates/template_faction_aa.tgi
templates/template_layout_eastern_europe_aa.tgi
templates/template_layout_north_africa_aa.tgi
templates/template_layout_western_europe_aa.tgi
templates/template_layout_far_east_aa.tgi
templates/template_layout_mediterranean_aa.tgi
templates/template_layout_north_america_aa.tgi
templates/template_layout_south_america_aa.tgi
templates/template_layout_south_pacific_aa.tgi
templates/template_doodad_protected_aa.tgi